
> uor-learning-app@0.1.0 build /workspaces/fluffy-octo-bassoon
> next build

   ▲ Next.js 15.3.1

   Linting and checking validity of types ...
   Creating an optimized production build ...
<w> [webpack.cache.PackFileCacheStrategy] Skipped not serializable cache item 'Compilation/modules|javascript/auto|/workspaces/fluffy-octo-bassoon/node_modules/.pnpm/next@15.3.1_@playwright+test@1.52.0_react-dom@19.1.0_react@19.1.0__react@19.1.0/node_modules/next/dist/build/webpack/loaders/next-swc-loader.js??ruleSet[1].rules[12].use[0]!/workspaces/fluffy-octo-bassoon/node_modules/.pnpm/@next+mdx@15.3.1_@mdx-js+loader@3.1.0_acorn@8.14.1__@mdx-js+react@3.1.0_@types+react@19.1.2_react@19.1.0_/node_modules/@next/mdx/mdx-js-loader.js??ruleSet[1].rules[12].use[1]!/workspaces/fluffy-octo-bassoon/pages/core-axioms/index.mdx|pages-dir-node': No serializer registered for VFileMessage
<w> while serializing webpack/lib/cache/PackFileCacheStrategy.PackContentItems -> webpack/lib/NormalModule -> webpack/lib/ModuleBuildError -> VFileMessage
Failed to compile.

./pages/core-axioms/index.mdx
index.mdx:128:2: Unexpected character `!` (U+0021) before name, expected a character that can start a name, such as a letter, `$`, or `_` (note: to create a comment in MDX, use `{/* text */}`)

Import trace for requested module:
./pages/core-axioms/index.mdx


> Build failed because of webpack errors
 ELIFECYCLE  Command failed with exit code 1.
